<testsuites name="jest tests" tests="4" failures="0" time="8.25">
  <testsuite name="undefined" errors="0" failures="0" skipped="0" timestamp="2021-10-19T14:13:46" time="8.25" tests="4">
    <testcase classname=" Initial articles render correctly" name=" Initial articles render correctly" time="0.049">
    </testcase>
    <testcase classname=" Clicking on top renders expected articles" name=" Clicking on top renders expected articles" time="0.026">
    </testcase>
    <testcase classname=" Clicking on newest renders expected articles" name=" Clicking on newest renders expected articles" time="0.025">
    </testcase>
    <testcase classname=" Sequence of navigation clicks renders expected artices" name=" Sequence of navigation clicks renders expected artices" time="0.044">
    </testcase>
  </testsuite>
</testsuites>